================================================================
== Design Size Report
================================================================

* Total Instructions per Compilation Phase
+---------------+-----------------------------+--------------+----------------------------------------------------------------------------------------+
| Phase         | Step                        | Instructions | Description                                                                            |
+---------------+-----------------------------+--------------+----------------------------------------------------------------------------------------+
| Compile/Link  |                             | 19,125       | After all functions are compiled and linked into a single design                       |
|               |                             |              |                                                                                        |
| Unroll/Inline |                             |              | After user unroll and inline pragmas are applied                                       |
|               | (1) unroll                  |  4,564       | user unroll pragmas are applied                                                        |
|               | (2) simplification          |  3,739       | simplification of applied user unroll pragmas                                          |
|               | (3) inline                  |  3,669       | user inline pragmas are applied                                                        |
|               | (4) simplification          |  3,501       | simplification of applied user inline pragmas                                          |
|               |                             |              |                                                                                        |
| Array/Struct  |                             |              | After user array partition and struct aggregate/disaggregate pragmas are applied       |
|               | (1) array partition         | 34,262       | user array partition pragmas are applied                                               |
|               | (2) simplification          | 34,150       | simplification of applied user array partition & struct aggregate/disaggregate pragmas |
|               | (3) aggregate/disaggregate  | 34,235       | user struct aggregate/disaggregate pragmas are applied                                 |
|               | (4) array reshape           | 34,833       | apply array reshape pragmas                                                            |
|               | (5) access patterns         | 37,802       | array access pattern optmizations                                                      |
|               |                             |              |                                                                                        |
| Performance   |                             |              | After transformations are applied to meet performance pragma targets                   |
|               | (1) loop simplification     | 37,700       | loop and instruction simplification                                                    |
|               | (2) parallelization         | 36,884       | loops are unrolled or pipelined to meet performance targets                            |
|               | (3) array partition         | 36,072       | arrays are partitioned to meet performance targets                                     |
|               | (4) simplification          | 35,991       | simplification of design after performance transformations                             |
|               |                             |              |                                                                                        |
| HW Transforms |                             |              | After hardware transfomations                                                          |
|               | (1) lowering                | 40,607       | initial conversion to HW specific instructions                                         |
|               | (2) optimizations           | 41,718       | high level synthesis optimizations                                                     |
+---------------+-----------------------------+--------------+----------------------------------------------------------------------------------------+

* Instructions per Function for each Compilation Phase
+---------------------------------------+--------------------------------------+-----------------+-----------------+-------------------+-------------------+-------------------+
| Function                              | Location                             | Compile/Link    | Unroll/Inline   | Array/Struct      | Performance       | HW Transforms     |
+---------------------------------------+--------------------------------------+-----------------+-----------------+-------------------+-------------------+-------------------+
| + minkowski_net_14_layer_pipel...     | minkowski_net.cpp:17                 | 19,125          | 3,501           | 37,802            | 35,991            | 41,718            |
|  + pipeline_bitmap_stage              | complete_pipeline.cpp:127            | 4,658           |  770            | 1,157             | 1,154             |                   |
|   + streaming_bitmap_constructor...   | streaming_bitmap_constructor.cpp:62  | 4,656           |  768            | 1,155             | 1,152             |                   |
|    + process_voxel                    | streaming_bitmap_constructor.cpp:11  | 2,757           |                 |                   |                   |                   |
|       morton_decode                   | octree_master.h:174                  |   729           |                 |                   |                   |                   |
|       coord_to_idx                    | octree_master.h:153                  |     6           |                 |                   |                   |                   |
|       set_bit                         | octree_master.h:146                  |    45           |                 |                   |                   |                   |
|     + calculate_voxel_base_address... | streaming_bitmap_constructor.cpp:312 |   850           |                 |                   |                   |                   |
|        extract_morton_address         | octree_master.h:259                  |   220           |                 |                   |                   |                   |
|      set_bit                          | octree_master.h:146                  |   135 (3 calls) |                 |                   |                   |                   |
|  + logical_bitmap_reconstructio...    | minkowski_net.cpp:324                |   173           |                 |                   |                   |                   |
|     initialize_streaming_pointer...   | dynamic_access.cpp:20                |   171           |                 |                   |                   |                   |
|  + layer_convolution_with_persi...    | minkowski_net.cpp:204                | 9,938 (2 calls) | 2,472 (2 calls) | 36,204 (28 calls) | 34,440 (28 calls) | 40,068 (28 calls) |
|   + access_pointer_lookup             | minkowski_net.cpp:353                | 6,512 (2 calls) |                 |                   |                   |                   |
|    + morton3D                         | octree_master.h:169                  | 6,224 (2 calls) |                 |                   |                   |                   |
|       part1by2                        | octree_master.h:158                  | 5,508 (6 calls) |                 |                   |                   |                   |
|     should_use_cross_row_sorting...   | minkowski_net.cpp:381                |     4 (2 calls) |                 |                   |                   |                   |
|  + final_layer_output_reconstru...    | minkowski_net.cpp:389                | 3,867           |  175            |   128             |    86             |   107             |
|   + access_pointer_lookup             | minkowski_net.cpp:353                | 3,256           |                 |                   |                   |                   |
|    + morton3D                         | octree_master.h:169                  | 3,112           |                 |                   |                   |                   |
|       part1by2                        | octree_master.h:158                  | 2,754 (3 calls) |                 |                   |                   |                   |
+---------------------------------------+--------------------------------------+-----------------+-----------------+-------------------+-------------------+-------------------+

* Design Size Message Settings
+---------------------------------------------+--------+------------------------------------------------------------------+
| Message Setting                             | Value  | Description                                                      |
+---------------------------------------------+--------+------------------------------------------------------------------+
| config_compile -design_size_maximum_warning | 100000 | Show a warning when total design instructions exceeds this value |
+---------------------------------------------+--------+------------------------------------------------------------------+


