

================================================================
== Synthesis Summary Report of 'complete_octree_pipeline'
================================================================
+ General Information: 
    * Date:           Fri Aug 22 21:35:19 2025
    * Version:        2024.2 (Build 5238294 on Nov  8 2024)
    * Project:        ocnn_fpga_project
    * Solution:       solution1 (Vivado IP Flow Target)
    * Product family: virtexuplus
    * Target device:  xcu250-figd2104-2L-e
    

+ Performance & Resource Estimates: 
    
    PS: '+' for module; 'o' for loop; '*' for dataflow
    +----------------------------------------------------------------------------------------+--------+-------+-------------+-----------+------------+-------------+--------+----------+----------+----------+-------------+--------------+---------+
    |                                         Modules                                        |  Issue |       |   Latency   |  Latency  |  Iteration |             |  Trip  |          |          |          |             |              |         |
    |                                         & Loops                                        |  Type  | Slack |   (cycles)  |    (ns)   |   Latency  |   Interval  |  Count | Pipelined|   BRAM   |    DSP   |      FF     |      LUT     |   URAM  |
    +----------------------------------------------------------------------------------------+--------+-------+-------------+-----------+------------+-------------+--------+----------+----------+----------+-------------+--------------+---------+
    |+ complete_octree_pipeline                                                              |  Timing|  -0.81|            -|          -|           -|            -|       -|        no|  196 (3%)|  160 (1%)|  186974 (5%)|  346820 (20%)|  7 (~0%)|
    | + run_dataflow_pipeline*                                                               |  Timing|  -0.81|            -|          -|           -|            -|       -|  dataflow|  192 (3%)|  160 (1%)|  182378 (5%)|  343835 (19%)|  7 (~0%)|
    |  + entry_proc                                                                          |       -|   1.22|            0|      0.000|           -|            0|       -|        no|         -|         -|      2 (~0%)|      20 (~0%)|        -|
    |  + pipeline_bitmap_stage                                                               |  Timing|  -0.39|            -|          -|           -|            -|       -|        no|   2 (~0%)|         -|  13764 (~0%)|   14592 (~0%)|        -|
    |   + streaming_bitmap_constructor                                                       |  Timing|  -0.39|            -|          -|           -|            -|       -|        no|   2 (~0%)|         -|   9631 (~0%)|   14504 (~0%)|        -|
    |    + streaming_bitmap_constructor_Pipeline_VITIS_LOOP_105_1                            |       -|   0.17|           66|    219.780|           -|           66|       -|        no|         -|         -|      9 (~0%)|      56 (~0%)|        -|
    |     o VITIS_LOOP_105_1                                                                 |       -|   2.43|           64|    213.120|           1|            1|      64|       yes|         -|         -|            -|             -|        -|
    |    + streaming_bitmap_constructor_Pipeline_VITIS_LOOP_109_2                            |       -|   0.16|           10|     33.300|           -|           10|       -|        no|         -|         -|      6 (~0%)|      51 (~0%)|        -|
    |     o VITIS_LOOP_109_2                                                                 |       -|   2.43|            8|     26.640|           1|            1|       8|       yes|         -|         -|            -|             -|        -|
    |    + streaming_bitmap_constructor_Pipeline_VOXEL_PROCESSING                            |       -|   0.33|            -|          -|           -|            -|       -|        no|         -|         -|   1768 (~0%)|     961 (~0%)|        -|
    |     o VOXEL_PROCESSING                                                                 |       -|   2.43|            -|          -|           2|            1|       -|       yes|         -|         -|            -|             -|        -|
    |    + streaming_bitmap_constructor_Pipeline_L2_CONSTRUCTION_VITIS_LOOP_134_3            |  Timing|  -0.39|           81|    269.730|           -|           81|       -|        no|         -|         -|   3929 (~0%)|   11635 (~0%)|        -|
    |     o L2_CONSTRUCTION_VITIS_LOOP_134_3                                                 |      II|   2.43|           79|    263.070|          17|           16|       4|       yes|         -|         -|            -|             -|        -|
    |    + streaming_bitmap_constructor_Pipeline_VITIS_LOOP_176_8                            |       -|   0.19|           10|     33.300|           -|           10|       -|        no|         -|         -|     20 (~0%)|     644 (~0%)|        -|
    |     o VITIS_LOOP_176_8                                                                 |       -|   2.43|            8|     26.640|           2|            1|       8|       yes|         -|         -|            -|             -|        -|
    |    + streaming_bitmap_constructor_Pipeline_VITIS_LOOP_189_9                            |       -|   0.34|           10|     33.300|           -|           10|       -|        no|         -|         -|    539 (~0%)|     715 (~0%)|        -|
    |     o VITIS_LOOP_189_9                                                                 |       -|   2.43|            8|     26.640|           2|            1|       8|       yes|         -|         -|            -|             -|        -|
    |  + pipeline_feature_stage                                                              |  Timing|  -0.44|            -|          -|           -|            -|       -|        no|         -|         -|   38341 (1%)|    27298 (1%)|        -|
    |   + pipeline_feature_stage_Pipeline_VITIS_LOOP_200_1                                   |  Timing|  -0.44|            -|          -|           -|            -|       -|        no|         -|         -|    160 (~0%)|     331 (~0%)|        -|
    |    o VITIS_LOOP_200_1                                                                  |       -|   2.43|            -|          -|           1|            1|       -|       yes|         -|         -|            -|             -|        -|
    |   + sort_cross_row_buffer                                                              |  Timing|  -0.08|         1007|  3.353e+03|           -|         1007|       -|        no|         -|         -|  18451 (~0%)|    17555 (1%)|        -|
    |    o SORT_OUTER_LOOP                                                                   |       -|   2.43|         1006|  3.350e+03|          67|            -|      15|        no|         -|         -|            -|             -|        -|
    |     + sort_cross_row_buffer_Pipeline_SORT_INNER_LOOP                                   |       -|   0.30|           64|    213.120|           -|           64|       -|        no|         -|         -|    102 (~0%)|   12379 (~0%)|        -|
    |      o SORT_INNER_LOOP                                                                 |       -|   2.43|           62|    206.460|           1|            1|      62|       yes|         -|         -|            -|             -|        -|
    |   + process_sorted_cross_row_buffer                                                    |       -|   0.33|          515|  1.715e+03|           -|          515|       -|        no|         -|         -|   1248 (~0%)|    4196 (~0%)|        -|
    |    + process_sorted_cross_row_buffer_Pipeline_PROCESS_SORTED_VOXELS                    |       -|   0.33|          514|  1.712e+03|           -|          514|       -|        no|         -|         -|   1234 (~0%)|    4141 (~0%)|        -|
    |     o PROCESS_SORTED_VOXELS                                                            |      II|   2.43|          512|  1.705e+03|          33|           32|      16|       yes|         -|         -|            -|             -|        -|
    |  + pipeline_morton_stage                                                               |  Timing|  -0.58|            -|          -|           -|            -|       -|        no|         -|         -|   6431 (~0%)|    20577 (1%)|        -|
    |   + integrated_morton_reorder_buffer_with_triggers                                     |  Timing|  -0.58|            -|          -|           -|            -|       -|        no|         -|         -|   6360 (~0%)|    20528 (1%)|        -|
    |    + integrated_morton_reorder_buffer_with_triggers_Pipeline_PROCESS_MORTON_WRITE_REQ  |  Timing|  -0.00|            -|          -|           -|            -|       -|        no|         -|         -|   1103 (~0%)|     392 (~0%)|        -|
    |     o PROCESS_MORTON_WRITE_REQUESTS                                                    |       -|   2.43|            -|          -|         308|            1|       -|       yes|         -|         -|            -|             -|        -|
    |    o VITIS_LOOP_117_2                                                                  |       -|   2.43|            -|          -|           -|            -|       -|        no|         -|         -|            -|             -|        -|
    |     + optimized_dram_burst_retained                                                    |  Timing|  -0.58|            -|          -|           -|            -|       -|        no|         -|         -|   2640 (~0%)|   13130 (~0%)|        -|
    |      + optimized_dram_burst_retained_Pipeline_FINAL_BURST                              |  Timing|  -0.00|            -|          -|           -|            -|       -|        no|         -|         -|     17 (~0%)|      95 (~0%)|        -|
    |       o FINAL_BURST                                                                    |      II|   2.43|            -|          -|          16|           16|       -|       yes|         -|         -|            -|             -|        -|
    |      o SORT_BY_ROW_BITS                                                                |       -|   2.43|            -|          -|         256|            -|       -|        no|         -|         -|            -|             -|        -|
    |       + optimized_dram_burst_retained_Pipeline_VITIS_LOOP_349_1                        |  Timing|  -0.58|          254|    845.820|           -|          254|       -|        no|         -|         -|   1396 (~0%)|    7658 (~0%)|        -|
    |        o VITIS_LOOP_349_1                                                              |      II|   2.43|          252|    839.160|           5|            4|      63|       yes|         -|         -|            -|             -|        -|
    |      o BURST_PROCESS                                                                   |       -|   2.43|            -|          -|           -|            -|       -|        no|         -|         -|            -|             -|        -|
    |       + optimized_dram_burst_retained_Outline_BURST_READ                               |  Timing|  -0.00|            -|          -|           -|            -|       -|        no|         -|         -|     42 (~0%)|     126 (~0%)|        -|
    |        o BURST_READ                                                                    |       -|   2.43|            -|          -|           1|            -|       -|        no|         -|         -|            -|             -|        -|
    |       + optimized_dram_burst_retained_Outline_VITIS_LOOP_408_2                         |       -|   0.72|            -|          -|           -|            -|       -|        no|         -|         -|     67 (~0%)|     189 (~0%)|        -|
    |        o VITIS_LOOP_408_2                                                              |       -|   2.43|            -|          -|           2|            -|       -|        no|         -|         -|            -|             -|        -|
    |     + integrated_morton_reorder_buffer_with_triggers_Pipeline_VITIS_LOOP_225_4         |       -|   0.70|           66|    219.780|           -|           66|       -|        no|         -|         -|      9 (~0%)|      55 (~0%)|        -|
    |      o VITIS_LOOP_225_4                                                                |       -|   2.43|           64|    213.120|           1|            1|      64|       yes|         -|         -|            -|             -|        -|
    |     + integrated_morton_reorder_buffer_with_triggers_Pipeline_VITIS_LOOP_235_5         |       -|   1.22|            -|          -|           -|            -|       -|        no|         -|         -|      2 (~0%)|      22 (~0%)|        -|
    |      o VITIS_LOOP_235_5                                                                |       -|   2.43|            -|          -|           1|            1|       -|       yes|         -|         -|            -|             -|        -|
    |  + pipeline_convolution_stage                                                          |  Timing|  -0.81|            -|          -|           -|            -|       -|        no|  139 (2%)|  160 (1%)|  119365 (3%)|  278631 (16%)|  7 (~0%)|
    |   + pipeline_convolution_stage_Pipeline_VITIS_LOOP_392_1                               |       -|   0.02|            -|          -|           -|            -|       -|        no|         -|         -|     12 (~0%)|      61 (~0%)|        -|
    |    o VITIS_LOOP_392_1                                                                  |       -|   2.43|            -|          -|           1|            1|       -|       yes|         -|         -|            -|             -|        -|
    |   + event_driven_systolic_array_with_triggers                                          |  Timing|  -0.81|            -|          -|           -|            -|       -|        no|  137 (2%)|  160 (1%)|  119203 (3%)|  278429 (16%)|  7 (~0%)|
    |    + event_driven_systolic_array_with_triggers_Pipeline_VITIS_LOOP_34_1                |       -|   1.22|            -|          -|           -|            -|       -|        no|         -|         -|      2 (~0%)|      22 (~0%)|        -|
    |     o VITIS_LOOP_34_1                                                                  |       -|   2.43|            -|          -|           1|            1|       -|       yes|         -|         -|            -|             -|        -|
    |    + initialize                                                                        |       -|   0.46|        13844|  4.610e+04|           -|        13844|       -|        no|         -|         -|    154 (~0%)|    1008 (~0%)|        -|
    |     + initialize_Pipeline_STORE_WEIGHTS_VITIS_LOOP_406_1                               |       -|   0.46|        13828|  4.605e+04|           -|        13828|       -|        no|         -|         -|    136 (~0%)|     436 (~0%)|        -|
    |      o STORE_WEIGHTS_VITIS_LOOP_406_1                                                  |      II|   2.43|        13826|  4.604e+04|          19|           16|     864|       yes|         -|         -|            -|             -|        -|
    |    + process_sparse_convolution_streaming                                              |  Timing|  -0.81|  11268146196|  3.752e+10|           -|  11268146196|       -|        no|   73 (1%)|  160 (1%)|  119002 (3%)|  275996 (15%)|  7 (~0%)|
    |     + initialize_z_buffer                                                              |       -|   0.03|          884|  2.944e+03|           -|          884|       -|        no|         -|         -|     66 (~0%)|     609 (~0%)|        -|
    |      + initialize_z_buffer_Pipeline_STORE_WEIGHTS_VITIS_LOOP_68_1                      |       -|   0.03|          868|  2.890e+03|           -|          868|       -|        no|         -|         -|     48 (~0%)|     157 (~0%)|        -|
    |       o STORE_WEIGHTS_VITIS_LOOP_68_1                                                  |       -|   2.43|          866|  2.884e+03|           4|            1|     864|       yes|         -|         -|            -|             -|        -|
    |     + process_z_buffer_convolution                                                     |  Timing|  -0.81|  11268145309|  3.752e+10|           -|  11268145309|       -|        no|   9 (~0%)|  160 (1%)|  118875 (3%)|  273535 (15%)|  7 (~0%)|
    |      o Z_LAYER_LOOP                                                                    |       -|   2.43|  11268145308|  3.752e+10|  1878024218|            -|       6|        no|         -|         -|            -|             -|        -|
    |       + slide_buffer_window                                                            |       -|   0.01|         8202|  2.731e+04|           -|         8202|       -|        no|         -|         -|    198 (~0%)|     443 (~0%)|        -|
    |        + slide_buffer_window_Pipeline_COPY_LAYER_0                                     |       -|   0.01|         4099|  1.365e+04|           -|         4099|       -|        no|         -|         -|     89 (~0%)|      78 (~0%)|        -|
    |         o COPY_LAYER_0                                                                 |       -|   2.43|         4097|  1.364e+04|           3|            1|    4096|       yes|         -|         -|            -|             -|        -|
    |        + slide_buffer_window_Pipeline_COPY_LAYER_1                                     |       -|   0.01|         4099|  1.365e+04|           -|         4099|       -|        no|         -|         -|     89 (~0%)|      78 (~0%)|        -|
    |         o COPY_LAYER_1                                                                 |       -|   2.43|         4097|  1.364e+04|           3|            1|    4096|       yes|         -|         -|            -|             -|        -|
    |       + load_z_layer                                                                   |  Timing|  -0.26|       786437|  2.619e+06|           -|       786437|       -|        no|         -|         -|    146 (~0%)|     251 (~0%)|  1 (~0%)|
    |        + load_z_layer_Pipeline_LOAD_VOXEL_SCAN                                         |  Timing|  -0.26|       786435|  2.619e+06|           -|       786435|       -|        no|         -|         -|    139 (~0%)|     179 (~0%)|  1 (~0%)|
    |         o LOAD_VOXEL_SCAN                                                              |      II|   2.43|       786433|  2.619e+06|           4|            3|  262144|       yes|         -|         -|            -|             -|        -|
    |       + process_z_buffer_convolution_Pipeline_PROCESS_MIDDLE_LAYER                     |  Timing|  -0.81|   1875664896|  6.246e+09|           -|   1875664896|       -|        no|         -|  160 (1%)|  118506 (3%)|  271697 (15%)|        -|
    |        o PROCESS_MIDDLE_LAYER                                                          |       -|   2.43|   1875664895|  6.246e+09|      457926|            -|    4096|        no|         -|         -|            -|             -|        -|
    |         + convolve_voxel_z_buffer                                                      |  Timing|  -0.81|       457918|  1.525e+06|           -|       457918|       -|        no|         -|  160 (1%)|  118297 (3%)|  271386 (15%)|        -|
    |          + find_neighbor_in_buffer                                                     |  Timing|  -0.81|        16397|  5.460e+04|           -|        16397|       -|        no|         -|         -|    221 (~0%)|     481 (~0%)|        -|
    |           + find_neighbor_in_buffer_Pipeline_NEIGHBOR_SEARCH                           |  Timing|  -0.81|        16390|  5.458e+04|           -|        16390|       -|        no|         -|         -|     63 (~0%)|     195 (~0%)|        -|
    |            o NEIGHBOR_SEARCH                                                           |      II|   2.43|        16387|  5.457e+04|           4|            4|    4096|       yes|         -|         -|            -|             -|        -|
    |   + pipeline_convolution_stage_Pipeline_VITIS_LOOP_417_2                               |       -|   1.22|            -|          -|           -|            -|       -|        no|         -|         -|      2 (~0%)|      22 (~0%)|        -|
    |    o VITIS_LOOP_417_2                                                                  |       -|   2.43|            -|          -|           1|            1|       -|       yes|         -|         -|            -|             -|        -|
    |   + pipeline_convolution_stage_Pipeline_VITIS_LOOP_425_3                               |       -|   1.22|            -|          -|           -|            -|       -|        no|         -|         -|      2 (~0%)|      22 (~0%)|        -|
    |    o VITIS_LOOP_425_3                                                                  |       -|   2.43|            -|          -|           1|            1|       -|       yes|         -|         -|            -|             -|        -|
    +----------------------------------------------------------------------------------------+--------+-------+-------------+-----------+------------+-------------+--------+----------+----------+----------+-------------+--------------+---------+


