

================================================================
== Vitis HLS Report for 'Block_entry_proc_24'
================================================================
* Date:           Sat Sep  6 21:19:59 2025

* Version:        2024.2 (Build 5238294 on Nov  8 2024)
* Project:        ocnn6_net
* Solution:       solution1 (Vivado IP Flow Target)
* Product family: virtexuplus
* Target device:  xcu250-figd2104-2L-e


================================================================
== Performance Estimates
================================================================
+ Timing: 
    * Summary: 
    +--------+---------+----------+------------+
    |  Clock |  Target | Estimated| Uncertainty|
    +--------+---------+----------+------------+
    |ap_clk  |  3.33 ns|  2.108 ns|     0.90 ns|
    +--------+---------+----------+------------+

+ Latency: 
    * Summary: 
    +---------+---------+----------+----------+-----+-----+---------+
    |  Latency (cycles) |  Latency (absolute) |  Interval | Pipeline|
    |   min   |   max   |    min   |    max   | min | max |   Type  |
    +---------+---------+----------+----------+-----+-----+---------+
    |        1|        1|  3.330 ns|  3.330 ns|    1|    1|       no|
    +---------+---------+----------+----------+-----+-----+---------+

    + Detail: 
        * Instance: 
        N/A

        * Loop: 
        N/A



================================================================
== Utilization Estimates
================================================================
* Summary: 
+---------------------+---------+-------+---------+---------+------+
|         Name        | BRAM_18K|  DSP  |    FF   |   LUT   | URAM |
+---------------------+---------+-------+---------+---------+------+
|DSP                  |        -|      -|        -|        -|     -|
|Expression           |        -|      -|        0|       45|     -|
|FIFO                 |        -|      -|        -|        -|     -|
|Instance             |        -|      -|        -|        -|     -|
|Memory               |        -|      -|        -|        -|     -|
|Multiplexer          |        -|      -|        0|       68|     -|
|Register             |        -|      -|       36|        -|     -|
+---------------------+---------+-------+---------+---------+------+
|Total                |        0|      0|       36|      113|     0|
+---------------------+---------+-------+---------+---------+------+
|Available SLR        |     1344|   3072|   864000|   432000|   320|
+---------------------+---------+-------+---------+---------+------+
|Utilization SLR (%)  |        0|      0|       ~0|       ~0|     0|
+---------------------+---------+-------+---------+---------+------+
|Available            |     5376|  12288|  3456000|  1728000|  1280|
+---------------------+---------+-------+---------+---------+------+
|Utilization (%)      |        0|      0|       ~0|       ~0|     0|
+---------------------+---------+-------+---------+---------+------+

+ Detail: 
    * Instance: 
    N/A

    * DSP: 
    N/A

    * Memory: 
    N/A

    * FIFO: 
    N/A

    * Expression: 
    +-----------------+----------+----+---+----+------------+------------+
    |  Variable Name  | Operation| DSP| FF| LUT| Bitwidth P0| Bitwidth P1|
    +-----------------+----------+----+---+----+------------+------------+
    |p_out_din        |         -|   0|  0|  41|          34|          34|
    |ap_block_state1  |        or|   0|  0|   2|           1|           1|
    |ap_block_state2  |        or|   0|  0|   2|           1|           1|
    +-----------------+----------+----+---+----+------------+------------+
    |Total            |          |   0|  0|  45|          36|          36|
    +-----------------+----------+----+---+----+------------+------------+

    * Multiplexer: 
    +------------------------------------------+----+-----------+-----+-----------+
    |                   Name                   | LUT| Input Size| Bits| Total Bits|
    +------------------------------------------+----+-----------+-----+-----------+
    |ap_NS_fsm                                 |  14|          3|    1|          3|
    |ap_done                                   |   9|          2|    1|          2|
    |p_out_blk_n                               |   9|          2|    1|          2|
    |pruned_voxel_count_0_loc_blk_n            |   9|          2|    1|          2|
    |pruned_voxel_count_0_reload_loc_c1_blk_n  |   9|          2|    1|          2|
    |real_start                                |   9|          2|    1|          2|
    |wide_trip_count_out_blk_n                 |   9|          2|    1|          2|
    +------------------------------------------+----+-----------+-----+-----------+
    |Total                                     |  68|         15|    7|         15|
    +------------------------------------------+----+-----------+-----+-----------+

    * Register: 
    +--------------------------------------+----+----+-----+-----------+
    |                 Name                 | FF | LUT| Bits| Const Bits|
    +--------------------------------------+----+----+-----+-----------+
    |ap_CS_fsm                             |   2|   0|    2|          0|
    |ap_done_reg                           |   1|   0|    1|          0|
    |pruned_voxel_count_0_loc_read_reg_76  |  32|   0|   32|          0|
    |start_once_reg                        |   1|   0|    1|          0|
    +--------------------------------------+----+----+-----+-----------+
    |Total                                 |  36|   0|   36|          0|
    +--------------------------------------+----+----+-----+-----------+



================================================================
== Interface
================================================================
* Summary: 
+---------------------------------------------------+-----+-----+------------+------------------------------------+--------------+
|                     RTL Ports                     | Dir | Bits|  Protocol  |            Source Object           |    C Type    |
+---------------------------------------------------+-----+-----+------------+------------------------------------+--------------+
|ap_clk                                             |   in|    1|  ap_ctrl_hs|                 Block_entry_proc.24|  return value|
|ap_rst                                             |   in|    1|  ap_ctrl_hs|                 Block_entry_proc.24|  return value|
|ap_start                                           |   in|    1|  ap_ctrl_hs|                 Block_entry_proc.24|  return value|
|start_full_n                                       |   in|    1|  ap_ctrl_hs|                 Block_entry_proc.24|  return value|
|ap_done                                            |  out|    1|  ap_ctrl_hs|                 Block_entry_proc.24|  return value|
|ap_continue                                        |   in|    1|  ap_ctrl_hs|                 Block_entry_proc.24|  return value|
|ap_idle                                            |  out|    1|  ap_ctrl_hs|                 Block_entry_proc.24|  return value|
|ap_ready                                           |  out|    1|  ap_ctrl_hs|                 Block_entry_proc.24|  return value|
|start_out                                          |  out|    1|  ap_ctrl_hs|                 Block_entry_proc.24|  return value|
|start_write                                        |  out|    1|  ap_ctrl_hs|                 Block_entry_proc.24|  return value|
|pruned_voxel_count_0_loc_dout                      |   in|   32|     ap_fifo|            pruned_voxel_count_0_loc|       pointer|
|pruned_voxel_count_0_loc_empty_n                   |   in|    1|     ap_fifo|            pruned_voxel_count_0_loc|       pointer|
|pruned_voxel_count_0_loc_read                      |  out|    1|     ap_fifo|            pruned_voxel_count_0_loc|       pointer|
|pruned_voxel_count_0_loc_num_data_valid            |   in|   11|     ap_fifo|            pruned_voxel_count_0_loc|       pointer|
|pruned_voxel_count_0_loc_fifo_cap                  |   in|   11|     ap_fifo|            pruned_voxel_count_0_loc|       pointer|
|wide_trip_count_out_din                            |  out|   32|     ap_fifo|                 wide_trip_count_out|       pointer|
|wide_trip_count_out_full_n                         |   in|    1|     ap_fifo|                 wide_trip_count_out|       pointer|
|wide_trip_count_out_write                          |  out|    1|     ap_fifo|                 wide_trip_count_out|       pointer|
|wide_trip_count_out_num_data_valid                 |   in|   11|     ap_fifo|                 wide_trip_count_out|       pointer|
|wide_trip_count_out_fifo_cap                       |   in|   11|     ap_fifo|                 wide_trip_count_out|       pointer|
|p_out_din                                          |  out|   34|     ap_fifo|                               p_out|       pointer|
|p_out_full_n                                       |   in|    1|     ap_fifo|                               p_out|       pointer|
|p_out_write                                        |  out|    1|     ap_fifo|                               p_out|       pointer|
|p_out_num_data_valid                               |   in|   11|     ap_fifo|                               p_out|       pointer|
|p_out_fifo_cap                                     |   in|   11|     ap_fifo|                               p_out|       pointer|
|pruned_voxel_count_0_reload_loc_c1_din             |  out|   32|     ap_fifo|  pruned_voxel_count_0_reload_loc_c1|       pointer|
|pruned_voxel_count_0_reload_loc_c1_full_n          |   in|    1|     ap_fifo|  pruned_voxel_count_0_reload_loc_c1|       pointer|
|pruned_voxel_count_0_reload_loc_c1_write           |  out|    1|     ap_fifo|  pruned_voxel_count_0_reload_loc_c1|       pointer|
|pruned_voxel_count_0_reload_loc_c1_num_data_valid  |   in|   11|     ap_fifo|  pruned_voxel_count_0_reload_loc_c1|       pointer|
|pruned_voxel_count_0_reload_loc_c1_fifo_cap        |   in|   11|     ap_fifo|  pruned_voxel_count_0_reload_loc_c1|       pointer|
+---------------------------------------------------+-----+-----+------------+------------------------------------+--------------+

