

================================================================
== Vitis HLS Report for 'streaming_bitmap_constructor'
================================================================
* Date:           Sat Sep  6 21:19:59 2025

* Version:        2024.2 (Build 5238294 on Nov  8 2024)
* Project:        ocnn6_net
* Solution:       solution1 (Vivado IP Flow Target)
* Product family: virtexuplus
* Target device:  xcu250-figd2104-2L-e


================================================================
== Performance Estimates
================================================================
+ Timing: 
    * Summary: 
    +--------+---------+----------+------------+
    |  Clock |  Target | Estimated| Uncertainty|
    +--------+---------+----------+------------+
    |ap_clk  |  3.33 ns|  7.995 ns|     0.90 ns|
    +--------+---------+----------+------------+

+ Latency: 
    * Summary: 
    +---------+---------+----------+----------+-----+-----+---------+
    |  Latency (cycles) |  Latency (absolute) |  Interval | Pipeline|
    |   min   |   max   |    min   |    max   | min | max |   Type  |
    +---------+---------+----------+----------+-----+-----+---------+
    |        ?|        ?|         ?|         ?|    ?|    ?|       no|
    +---------+---------+----------+----------+-----+-----+---------+

    + Detail: 
        * Instance: 
        N/A

        * Loop: 
        +------------------------------------------------------+---------+---------+----------+-----------+-----------+------+----------+
        |                                                      |  Latency (cycles) | Iteration|  Initiation Interval  | Trip |          |
        |                       Loop Name                      |   min   |   max   |  Latency |  achieved |   target  | Count| Pipelined|
        +------------------------------------------------------+---------+---------+----------+-----------+-----------+------+----------+
        |- VITIS_LOOP_111_1_VITIS_LOOP_112_2_VITIS_LOOP_113_3  |      129|      129|         3|          1|          1|   128|       yes|
        |- VITIS_LOOP_118_4_VITIS_LOOP_119_5_VITIS_LOOP_120_6  |       32|       32|         2|          1|          1|    32|       yes|
        |- VITIS_LOOP_125_7_VITIS_LOOP_126_8                   |        4|        4|         1|          1|          1|     4|       yes|
        |- VOXEL_PROCESSING                                    |        ?|        ?|         2|          1|          1|     ?|       yes|
        |- L0_TO_L1_PRUNING                                    |       65|       65|        17|         16|          2|     4|       yes|
        |- L1_TO_L2_PRUNING                                    |       18|       18|        10|          8|          2|     2|       yes|
        |- VITIS_LOOP_258_18_VITIS_LOOP_260_19                 |        4|        4|         2|          1|          1|     4|       yes|
        |- VITIS_LOOP_275_20                                   |        4|        4|         2|          1|          1|     4|       yes|
        +------------------------------------------------------+---------+---------+----------+-----------+-----------+------+----------+



================================================================
== Utilization Estimates
================================================================
* Summary: 
+---------------------+---------+-------+---------+---------+------+
|         Name        | BRAM_18K|  DSP  |    FF   |   LUT   | URAM |
+---------------------+---------+-------+---------+---------+------+
|DSP                  |        -|      -|        -|        -|     -|
|Expression           |        -|      -|        0|     3299|     -|
|FIFO                 |        -|      -|        -|        -|     -|
|Instance             |        -|      -|        0|    23520|     -|
|Memory               |        3|      -|        2|        3|     0|
|Multiplexer          |        -|      -|        0|     1062|     -|
|Register             |        -|      -|    14420|        -|     -|
+---------------------+---------+-------+---------+---------+------+
|Total                |        3|      0|    14422|    27884|     0|
+---------------------+---------+-------+---------+---------+------+
|Available SLR        |     1344|   3072|   864000|   432000|   320|
+---------------------+---------+-------+---------+---------+------+
|Utilization SLR (%)  |       ~0|      0|        1|        6|     0|
+---------------------+---------+-------+---------+---------+------+
|Available            |     5376|  12288|  3456000|  1728000|  1280|
+---------------------+---------+-------+---------+---------+------+
|Utilization (%)      |       ~0|      0|       ~0|        1|     0|
+---------------------+---------+-------+---------+---------+------+

+ Detail: 
    * Instance: 
    +----------------------------------------+------------------------------------+---------+----+---+-----+-----+
    |                Instance                |               Module               | BRAM_18K| DSP| FF| LUT | URAM|
    +----------------------------------------+------------------------------------+---------+----+---+-----+-----+
    |bitset_512ns_512ns_32s_1ns_512_1_1_U7   |bitset_512ns_512ns_32s_1ns_512_1_1  |        0|   0|  0|  560|    0|
    |bitset_512ns_512ns_32s_1ns_512_1_1_U8   |bitset_512ns_512ns_32s_1ns_512_1_1  |        0|   0|  0|  560|    0|
    |bitset_512ns_512ns_32s_1ns_512_1_1_U9   |bitset_512ns_512ns_32s_1ns_512_1_1  |        0|   0|  0|  560|    0|
    |bitset_512ns_512ns_32s_1ns_512_1_1_U10  |bitset_512ns_512ns_32s_1ns_512_1_1  |        0|   0|  0|  560|    0|
    |bitset_512ns_512ns_32s_1ns_512_1_1_U11  |bitset_512ns_512ns_32s_1ns_512_1_1  |        0|   0|  0|  560|    0|
    |bitset_512ns_512ns_32s_1ns_512_1_1_U12  |bitset_512ns_512ns_32s_1ns_512_1_1  |        0|   0|  0|  560|    0|
    |bitset_512ns_512ns_32s_1ns_512_1_1_U13  |bitset_512ns_512ns_32s_1ns_512_1_1  |        0|   0|  0|  560|    0|
    |bitset_512ns_512ns_32s_1ns_512_1_1_U14  |bitset_512ns_512ns_32s_1ns_512_1_1  |        0|   0|  0|  560|    0|
    |bitset_512ns_512ns_32s_1ns_512_1_1_U15  |bitset_512ns_512ns_32s_1ns_512_1_1  |        0|   0|  0|  560|    0|
    |bitset_512ns_512ns_32s_1ns_512_1_1_U16  |bitset_512ns_512ns_32s_1ns_512_1_1  |        0|   0|  0|  560|    0|
    |bitset_512ns_512ns_32s_1ns_512_1_1_U17  |bitset_512ns_512ns_32s_1ns_512_1_1  |        0|   0|  0|  560|    0|
    |bitset_512ns_512ns_32s_1ns_512_1_1_U18  |bitset_512ns_512ns_32s_1ns_512_1_1  |        0|   0|  0|  560|    0|
    |bitset_512ns_512ns_32s_1ns_512_1_1_U19  |bitset_512ns_512ns_32s_1ns_512_1_1  |        0|   0|  0|  560|    0|
    |bitset_512ns_512ns_32s_1ns_512_1_1_U20  |bitset_512ns_512ns_32s_1ns_512_1_1  |        0|   0|  0|  560|    0|
    |bitset_512ns_512ns_32s_1ns_512_1_1_U21  |bitset_512ns_512ns_32s_1ns_512_1_1  |        0|   0|  0|  560|    0|
    |bitset_512ns_512ns_32s_1ns_512_1_1_U22  |bitset_512ns_512ns_32s_1ns_512_1_1  |        0|   0|  0|  560|    0|
    |bitset_512ns_512ns_32s_1ns_512_1_1_U23  |bitset_512ns_512ns_32s_1ns_512_1_1  |        0|   0|  0|  560|    0|
    |bitset_512ns_512ns_32s_1ns_512_1_1_U24  |bitset_512ns_512ns_32s_1ns_512_1_1  |        0|   0|  0|  560|    0|
    |bitset_512ns_512ns_32s_1ns_512_1_1_U25  |bitset_512ns_512ns_32s_1ns_512_1_1  |        0|   0|  0|  560|    0|
    |bitset_512ns_512ns_32s_1ns_512_1_1_U26  |bitset_512ns_512ns_32s_1ns_512_1_1  |        0|   0|  0|  560|    0|
    |bitset_512ns_512ns_32s_1ns_512_1_1_U27  |bitset_512ns_512ns_32s_1ns_512_1_1  |        0|   0|  0|  560|    0|
    |bitset_512ns_512ns_32s_1ns_512_1_1_U28  |bitset_512ns_512ns_32s_1ns_512_1_1  |        0|   0|  0|  560|    0|
    |bitset_512ns_512ns_32s_1ns_512_1_1_U29  |bitset_512ns_512ns_32s_1ns_512_1_1  |        0|   0|  0|  560|    0|
    |bitset_512ns_512ns_32s_1ns_512_1_1_U30  |bitset_512ns_512ns_32s_1ns_512_1_1  |        0|   0|  0|  560|    0|
    |bitset_512ns_512ns_32s_1ns_512_1_1_U31  |bitset_512ns_512ns_32s_1ns_512_1_1  |        0|   0|  0|  560|    0|
    |bitset_512ns_512ns_32s_1ns_512_1_1_U32  |bitset_512ns_512ns_32s_1ns_512_1_1  |        0|   0|  0|  560|    0|
    |bitset_512ns_512ns_32s_1ns_512_1_1_U33  |bitset_512ns_512ns_32s_1ns_512_1_1  |        0|   0|  0|  560|    0|
    |bitset_512ns_512ns_32s_1ns_512_1_1_U34  |bitset_512ns_512ns_32s_1ns_512_1_1  |        0|   0|  0|  560|    0|
    |bitset_512ns_512ns_32s_1ns_512_1_1_U35  |bitset_512ns_512ns_32s_1ns_512_1_1  |        0|   0|  0|  560|    0|
    |bitset_512ns_512ns_32s_1ns_512_1_1_U36  |bitset_512ns_512ns_32s_1ns_512_1_1  |        0|   0|  0|  560|    0|
    |bitset_512ns_512ns_32s_1ns_512_1_1_U37  |bitset_512ns_512ns_32s_1ns_512_1_1  |        0|   0|  0|  560|    0|
    |bitset_512ns_512ns_32s_1ns_512_1_1_U38  |bitset_512ns_512ns_32s_1ns_512_1_1  |        0|   0|  0|  560|    0|
    |bitset_512ns_512ns_32s_1ns_512_1_1_U39  |bitset_512ns_512ns_32s_1ns_512_1_1  |        0|   0|  0|  560|    0|
    |bitset_512ns_512ns_32s_1ns_512_1_1_U40  |bitset_512ns_512ns_32s_1ns_512_1_1  |        0|   0|  0|  560|    0|
    |bitset_512ns_512ns_32s_1ns_512_1_1_U41  |bitset_512ns_512ns_32s_1ns_512_1_1  |        0|   0|  0|  560|    0|
    |bitset_512ns_512ns_32s_1ns_512_1_1_U42  |bitset_512ns_512ns_32s_1ns_512_1_1  |        0|   0|  0|  560|    0|
    |bitset_512ns_512ns_32s_1ns_512_1_1_U43  |bitset_512ns_512ns_32s_1ns_512_1_1  |        0|   0|  0|  560|    0|
    |bitset_512ns_512ns_32s_1ns_512_1_1_U44  |bitset_512ns_512ns_32s_1ns_512_1_1  |        0|   0|  0|  560|    0|
    |bitset_512ns_512ns_32s_1ns_512_1_1_U45  |bitset_512ns_512ns_32s_1ns_512_1_1  |        0|   0|  0|  560|    0|
    |bitset_512ns_512ns_32s_1ns_512_1_1_U46  |bitset_512ns_512ns_32s_1ns_512_1_1  |        0|   0|  0|  560|    0|
    |bitset_512ns_512ns_32s_1ns_512_1_1_U48  |bitset_512ns_512ns_32s_1ns_512_1_1  |        0|   0|  0|  560|    0|
    |bitset_64ns_64ns_32ns_1ns_64_1_1_U47    |bitset_64ns_64ns_32ns_1ns_64_1_1    |        0|   0|  0|  560|    0|
    +----------------------------------------+------------------------------------+---------+----+---+-----+-----+
    |Total                                   |                                    |        0|   0|  0|23520|    0|
    +----------------------------------------+------------------------------------+---------+----+---+-----+-----+

    * DSP: 
    N/A

    * Memory: 
    +--------------------------------------------------------------------------------+----------------------------------------------------------------------------------+---------+---+----+-----+------+-----+------+-------------+
    |                                     Memory                                     |                                      Module                                      | BRAM_18K| FF| LUT| URAM| Words| Bits| Banks| W*Bits*Banks|
    +--------------------------------------------------------------------------------+----------------------------------------------------------------------------------+---------+---+----+-----+------+-----+------+-------------+
    |l2_temp_buffer_U                                                                |streaming_bitmap_constructor_l2_temp_buffer_RAM_AUTO_1R1W                         |        0|  2|   3|    0|     4|    1|     1|            4|
    |streaming_bitmap_constructor_stream_stream_stream_stream_stream_ap_uint_ap_2_U  |streaming_bitmap_constructor_streaming_bitmap_constructor_stream_stream_streabkb  |        1|  0|   0|    0|    64|    1|     1|           64|
    |streaming_bitmap_constructor_stream_stream_stream_stream_stream_ap_uint_ap_1_U  |streaming_bitmap_constructor_streaming_bitmap_constructor_stream_stream_streabkb  |        1|  0|   0|    0|    64|    1|     1|           64|
    |streaming_bitmap_constructor_stream_stream_stream_stream_stream_ap_uint_ap_U    |streaming_bitmap_constructor_streaming_bitmap_constructor_stream_stream_streadEe  |        1|  0|   0|    0|    16|    1|     1|           16|
    +--------------------------------------------------------------------------------+----------------------------------------------------------------------------------+---------+---+----+-----+------+-----+------+-------------+
    |Total                                                                           |                                                                                  |        3|  2|   3|    0|   148|    4|     4|          148|
    +--------------------------------------------------------------------------------+----------------------------------------------------------------------------------+---------+---+----+-----+------+-----+------+-------------+

    * FIFO: 
    N/A

    * Expression: 
    +----------------------------------------+----------+----+---+----+------------+------------+
    |              Variable Name             | Operation| DSP| FF| LUT| Bitwidth P0| Bitwidth P1|
    +----------------------------------------+----------+----+---+----+------------+------------+
    |add_ln111_1_fu_1304_p2                  |         +|   0|  0|  15|           8|           1|
    |add_ln111_fu_1313_p2                    |         +|   0|  0|   9|           2|           1|
    |add_ln112_1_fu_1339_p2                  |         +|   0|  0|  15|           8|           1|
    |add_ln112_fu_1398_p2                    |         +|   0|  0|  12|           4|           1|
    |add_ln113_fu_1447_p2                    |         +|   0|  0|  12|           4|           1|
    |add_ln114_fu_1441_p2                    |         +|   0|  0|  13|           6|           6|
    |add_ln118_1_fu_1505_p2                  |         +|   0|  0|  13|           6|           1|
    |add_ln118_fu_1520_p2                    |         +|   0|  0|   9|           2|           1|
    |add_ln119_1_fu_1610_p2                  |         +|   0|  0|  13|           6|           1|
    |add_ln119_fu_1566_p2                    |         +|   0|  0|  10|           3|           1|
    |add_ln120_fu_1604_p2                    |         +|   0|  0|  10|           3|           1|
    |add_ln121_fu_1659_p2                    |         +|   0|  0|  12|           4|           4|
    |add_ln125_1_fu_1694_p2                  |         +|   0|  0|  10|           3|           1|
    |add_ln125_fu_1710_p2                    |         +|   0|  0|   9|           2|           1|
    |add_ln141_fu_1814_p2                    |         +|   0|  0|  17|          10|           1|
    |add_ln150_fu_1862_p2                    |         +|   0|  0|  13|           6|           6|
    |add_ln161_fu_1905_p2                    |         +|   0|  0|  39|          32|           1|
    |add_ln166_fu_1935_p2                    |         +|   0|  0|  10|           3|           1|
    |add_ln205_22_fu_3496_p2                 |         +|   0|  0|  39|          32|           2|
    |add_ln205_23_fu_3555_p2                 |         +|   0|  0|  39|          32|           2|
    |add_ln205_24_fu_3615_p2                 |         +|   0|  0|  39|          32|           3|
    |add_ln205_25_fu_3674_p2                 |         +|   0|  0|  39|          32|           3|
    |add_ln205_26_fu_3733_p2                 |         +|   0|  0|  39|          32|           3|
    |add_ln205_27_fu_3792_p2                 |         +|   0|  0|  39|          32|           3|
    |add_ln213_fu_3914_p2                    |         +|   0|  0|   9|           2|           1|
    |add_ln258_1_fu_4457_p2                  |         +|   0|  0|  10|           3|           1|
    |add_ln258_fu_4473_p2                    |         +|   0|  0|   9|           2|           1|
    |add_ln260_fu_4597_p2                    |         +|   0|  0|  10|           3|           2|
    |add_ln275_fu_4657_p2                    |         +|   0|  0|  10|           3|           1|
    |add_ln278_fu_4684_p2                    |         +|   0|  0|  39|          32|          32|
    |add_ln280_fu_4757_p2                    |         +|   0|  0|  39|          32|           3|
    |add_ln286_1_fu_4769_p2                  |         +|   0|  0|  39|          32|           1|
    |add_ln286_2_fu_4775_p2                  |         +|   0|  0|  32|          32|          32|
    |add_ln286_fu_4763_p2                    |         +|   0|  0|  32|          32|          32|
    |grp_fu_1067_p2                          |         +|   0|  0|  39|          32|           1|
    |grp_fu_1081_p2                          |         +|   0|  0|  39|          32|           4|
    |grp_fu_1099_p2                          |         +|   0|  0|  39|          32|           1|
    |grp_fu_1113_p2                          |         +|   0|  0|  39|          32|           2|
    |grp_fu_1127_p2                          |         +|   0|  0|  39|          32|           2|
    |grp_fu_1141_p2                          |         +|   0|  0|  39|          32|           3|
    |grp_fu_1151_p2                          |         +|   0|  0|  39|          32|           2|
    |grp_fu_1165_p2                          |         +|   0|  0|  39|          32|           2|
    |grp_fu_1179_p2                          |         +|   0|  0|  39|          32|           3|
    |grp_fu_1193_p2                          |         +|   0|  0|  39|          32|           3|
    |grp_fu_1207_p2                          |         +|   0|  0|  39|          32|           3|
    |grp_fu_1221_p2                          |         +|   0|  0|  39|          32|           3|
    |l2_bit_pos_3_fu_4591_p2                 |         +|   0|  0|  10|           3|           1|
    |sub_ln150_10_fu_2321_p2                 |         -|   0|  0|  17|           1|          10|
    |sub_ln150_11_fu_2343_p2                 |         -|   0|  0|  16|           4|           9|
    |sub_ln150_12_fu_2352_p2                 |         -|   0|  0|  17|           1|          10|
    |sub_ln150_13_fu_2374_p2                 |         -|   0|  0|  16|           4|           9|
    |sub_ln150_14_fu_2383_p2                 |         -|   0|  0|  17|           1|          10|
    |sub_ln150_15_fu_2538_p2                 |         -|   0|  0|  16|           1|           9|
    |sub_ln150_16_fu_2548_p2                 |         -|   0|  0|  17|           1|          10|
    |sub_ln150_17_fu_2609_p2                 |         -|   0|  0|  17|           1|          10|
    |sub_ln150_18_fu_2643_p2                 |         -|   0|  0|  16|           3|           9|
    |sub_ln150_19_fu_2652_p2                 |         -|   0|  0|  17|           1|          10|
    |sub_ln150_1_fu_2112_p2                  |         -|   0|  0|  17|           1|          10|
    |sub_ln150_20_fu_2687_p2                 |         -|   0|  0|  16|           3|           9|
    |sub_ln150_21_fu_2696_p2                 |         -|   0|  0|  17|           1|          10|
    |sub_ln150_22_fu_2718_p2                 |         -|   0|  0|  16|           4|           9|
    |sub_ln150_23_fu_2727_p2                 |         -|   0|  0|  17|           1|          10|
    |sub_ln150_24_fu_2785_p2                 |         -|   0|  0|  16|           4|           9|
    |sub_ln150_25_fu_2794_p2                 |         -|   0|  0|  17|           1|          10|
    |sub_ln150_26_fu_2829_p2                 |         -|   0|  0|  16|           4|           9|
    |sub_ln150_27_fu_2838_p2                 |         -|   0|  0|  17|           1|          10|
    |sub_ln150_28_fu_2852_p2                 |         -|   0|  0|  16|           4|           9|
    |sub_ln150_29_fu_2904_p2                 |         -|   0|  0|  17|           1|          10|
    |sub_ln150_2_fu_2172_p2                  |         -|   0|  0|  17|           1|          10|
    |sub_ln150_30_fu_4006_p2                 |         -|   0|  0|  16|           1|           9|
    |sub_ln150_31_fu_4016_p2                 |         -|   0|  0|  17|           1|          10|
    |sub_ln150_32_fu_4048_p2                 |         -|   0|  0|  17|           1|          10|
    |sub_ln150_33_fu_4070_p2                 |         -|   0|  0|  16|           3|           9|
    |sub_ln150_34_fu_4080_p2                 |         -|   0|  0|  17|           1|          10|
    |sub_ln150_35_fu_4102_p2                 |         -|   0|  0|  16|           3|           9|
    |sub_ln150_36_fu_4112_p2                 |         -|   0|  0|  17|           1|          10|
    |sub_ln150_37_fu_2976_p2                 |         -|   0|  0|  16|           1|           9|
    |sub_ln150_38_fu_2986_p2                 |         -|   0|  0|  17|           1|          10|
    |sub_ln150_39_fu_3047_p2                 |         -|   0|  0|  17|           1|          10|
    |sub_ln150_3_fu_2206_p2                  |         -|   0|  0|  16|           3|           9|
    |sub_ln150_40_fu_3081_p2                 |         -|   0|  0|  16|           3|           9|
    |sub_ln150_41_fu_3090_p2                 |         -|   0|  0|  17|           1|          10|
    |sub_ln150_42_fu_3125_p2                 |         -|   0|  0|  16|           3|           9|
    |sub_ln150_43_fu_3134_p2                 |         -|   0|  0|  17|           1|          10|
    |sub_ln150_44_fu_3156_p2                 |         -|   0|  0|  16|           4|           9|
    |sub_ln150_45_fu_3165_p2                 |         -|   0|  0|  17|           1|          10|
    |sub_ln150_46_fu_3223_p2                 |         -|   0|  0|  16|           4|           9|
    |sub_ln150_47_fu_3232_p2                 |         -|   0|  0|  17|           1|          10|
    |sub_ln150_48_fu_3267_p2                 |         -|   0|  0|  16|           4|           9|
    |sub_ln150_49_fu_3276_p2                 |         -|   0|  0|  17|           1|          10|
    |sub_ln150_4_fu_2215_p2                  |         -|   0|  0|  17|           1|          10|
    |sub_ln150_50_fu_3290_p2                 |         -|   0|  0|  16|           4|           9|
    |sub_ln150_51_fu_3330_p2                 |         -|   0|  0|  17|           1|          10|
    |sub_ln150_52_fu_4238_p2                 |         -|   0|  0|  16|           1|           9|
    |sub_ln150_53_fu_4248_p2                 |         -|   0|  0|  17|           1|          10|
    |sub_ln150_54_fu_4293_p2                 |         -|   0|  0|  17|           1|          10|
    |sub_ln150_55_fu_4315_p2                 |         -|   0|  0|  16|           3|           9|
    |sub_ln150_56_fu_4325_p2                 |         -|   0|  0|  17|           1|          10|
    |sub_ln150_57_fu_4347_p2                 |         -|   0|  0|  16|           3|           9|
    |sub_ln150_58_fu_4357_p2                 |         -|   0|  0|  17|           1|          10|
    |sub_ln150_59_fu_3414_p2                 |         -|   0|  0|  16|           1|           9|
    |sub_ln150_5_fu_2250_p2                  |         -|   0|  0|  16|           3|           9|
    |sub_ln150_60_fu_3424_p2                 |         -|   0|  0|  17|           1|          10|
    |sub_ln150_61_fu_3469_p2                 |         -|   0|  0|  17|           1|          10|
    |sub_ln150_62_fu_3518_p2                 |         -|   0|  0|  16|           3|           9|
    |sub_ln150_63_fu_3528_p2                 |         -|   0|  0|  17|           1|          10|
    |sub_ln150_64_fu_3577_p2                 |         -|   0|  0|  16|           3|           9|
    |sub_ln150_65_fu_3587_p2                 |         -|   0|  0|  17|           1|          10|
    |sub_ln150_66_fu_3637_p2                 |         -|   0|  0|  16|           4|           9|
    |sub_ln150_67_fu_3647_p2                 |         -|   0|  0|  17|           1|          10|
    |sub_ln150_68_fu_3696_p2                 |         -|   0|  0|  16|           4|           9|
    |sub_ln150_69_fu_3706_p2                 |         -|   0|  0|  17|           1|          10|
    |sub_ln150_6_fu_2259_p2                  |         -|   0|  0|  17|           1|          10|
    |sub_ln150_70_fu_3755_p2                 |         -|   0|  0|  16|           4|           9|
    |sub_ln150_71_fu_3765_p2                 |         -|   0|  0|  17|           1|          10|
    |sub_ln150_72_fu_3814_p2                 |         -|   0|  0|  16|           4|           9|
    |sub_ln150_73_fu_3824_p2                 |         -|   0|  0|  17|           1|          10|
    |sub_ln150_74_fu_4702_p2                 |         -|   0|  0|  16|           1|           9|
    |sub_ln150_75_fu_4722_p2                 |         -|   0|  0|  17|           1|          10|
    |sub_ln150_7_fu_2281_p2                  |         -|   0|  0|  16|           4|           9|
    |sub_ln150_8_fu_2290_p2                  |         -|   0|  0|  17|           1|          10|
    |sub_ln150_9_fu_2312_p2                  |         -|   0|  0|  16|           4|           9|
    |sub_ln150_fu_2102_p2                    |         -|   0|  0|  16|           1|           9|
    |and_ln111_fu_1392_p2                    |       and|   0|  0|   2|           1|           1|
    |and_ln118_fu_1552_p2                    |       and|   0|  0|   2|           1|           1|
    |and_ln125_fu_1728_p2                    |       and|   0|  0|   2|           1|           1|
    |and_ln255_fu_4491_p2                    |       and|   0|  0|   2|           1|           1|
    |ap_block_pp3_stage0_01001_grp1          |       and|   0|  0|   2|           1|           1|
    |ap_block_pp3_stage0_01001_grp2          |       and|   0|  0|   2|           1|           1|
    |ap_block_pp3_stage0_01001_grp3          |       and|   0|  0|   2|           1|           1|
    |ap_block_state11_pp3_stage0_iter0       |       and|   0|  0|   2|           1|           1|
    |ap_block_state12_pp3_stage0_iter1_grp1  |       and|   0|  0|   2|           1|           1|
    |ap_block_state12_pp3_stage0_iter1_grp2  |       and|   0|  0|   2|           1|           1|
    |ap_block_state12_pp3_stage0_iter1_grp3  |       and|   0|  0|   2|           1|           1|
    |ap_condition_4137                       |       and|   0|  0|   2|           1|           1|
    |ap_condition_4141                       |       and|   0|  0|   2|           1|           1|
    |ap_condition_4145                       |       and|   0|  0|   2|           1|           1|
    |ap_condition_4149                       |       and|   0|  0|   2|           1|           1|
    |ap_condition_645                        |       and|   0|  0|   2|           1|           1|
    |ap_condition_783                        |       and|   0|  0|   2|           1|           1|
    |ap_predicate_op1053_write_state49       |       and|   0|  0|   2|           1|           1|
    |ap_predicate_op1057_write_state49       |       and|   0|  0|   2|           1|           1|
    |ap_predicate_op223_read_state11         |       and|   0|  0|   2|           1|           1|
    |tmp_nbreadreq_fu_414_p3                 |       and|   0|  0|   2|           1|           0|
    |cond388_i_fu_1333_p2                    |      icmp|   0|  0|   9|           2|           1|
    |cond389_i_fu_1598_p2                    |      icmp|   0|  0|   9|           2|           1|
    |icmp_ln111_fu_1298_p2                   |      icmp|   0|  0|  16|           8|           9|
    |icmp_ln112_fu_1319_p2                   |      icmp|   0|  0|  15|           8|           7|
    |icmp_ln113_fu_1386_p2                   |      icmp|   0|  0|  12|           4|           5|
    |icmp_ln118_fu_1499_p2                   |      icmp|   0|  0|  14|           6|           7|
    |icmp_ln119_fu_1526_p2                   |      icmp|   0|  0|  13|           6|           5|
    |icmp_ln120_fu_1546_p2                   |      icmp|   0|  0|  12|           3|           4|
    |icmp_ln125_fu_1688_p2                   |      icmp|   0|  0|  12|           3|           4|
    |icmp_ln126_fu_1716_p2                   |      icmp|   0|  0|  10|           2|           3|
    |icmp_ln166_fu_1929_p2                   |      icmp|   0|  0|  12|           3|           4|
    |icmp_ln213_fu_3876_p2                   |      icmp|   0|  0|  10|           2|           3|
    |icmp_ln258_fu_4451_p2                   |      icmp|   0|  0|  12|           3|           4|
    |icmp_ln260_fu_4479_p2                   |      icmp|   0|  0|  10|           2|           3|
    |icmp_ln275_fu_4651_p2                   |      icmp|   0|  0|  12|           3|           4|
    |lshr_ln277_fu_4667_p2                   |      lshr|   0|  0|   9|           4|           4|
    |ap_block_pp3_stage0_11001               |        or|   0|  0|   2|           1|           1|
    |ap_block_state49                        |        or|   0|  0|   2|           1|           1|
    |ap_predicate_tran11to13_state11         |        or|   0|  0|   2|           1|           1|
    |empty_83_fu_1572_p2                     |        or|   0|  0|   2|           1|           1|
    |empty_fu_1404_p2                        |        or|   0|  0|   2|           1|           1|
    |l1_has_data_1_fu_2062_p2                |        or|   0|  0|   2|           1|           1|
    |l1_has_data_2_fu_2488_p2                |        or|   0|  0|   2|           1|           1|
    |l1_has_data_3_fu_2962_p2                |        or|   0|  0|   2|           1|           1|
    |l1_has_data_4_fu_3400_p2                |        or|   0|  0|   2|           1|           1|
    |l2_has_data_1_fu_3980_p2                |        or|   0|  0|   2|           1|           1|
    |l2_has_data_2_fu_4223_p2                |        or|   0|  0|   2|           1|           1|
    |l3_has_data_fu_4585_p2                  |        or|   0|  0|   2|           1|           1|
    |or_ln192_10_fu_2457_p2                  |        or|   0|  0|   2|           1|           1|
    |or_ln192_11_fu_2477_p2                  |        or|   0|  0|   2|           1|           1|
    |or_ln192_12_fu_2483_p2                  |        or|   0|  0|   2|           1|           1|
    |or_ln192_14_fu_2936_p2                  |        or|   0|  0|   2|           1|           1|
    |or_ln192_15_fu_2940_p2                  |        or|   0|  0|   2|           1|           1|
    |or_ln192_16_fu_2945_p2                  |        or|   0|  0|   2|           1|           1|
    |or_ln192_17_fu_2931_p2                  |        or|   0|  0|   2|           1|           1|
    |or_ln192_18_fu_2951_p2                  |        or|   0|  0|   2|           1|           1|
    |or_ln192_19_fu_2957_p2                  |        or|   0|  0|   2|           1|           1|
    |or_ln192_1_fu_2042_p2                   |        or|   0|  0|   2|           1|           1|
    |or_ln192_21_fu_3374_p2                  |        or|   0|  0|   2|           1|           1|
    |or_ln192_22_fu_3378_p2                  |        or|   0|  0|   2|           1|           1|
    |or_ln192_23_fu_3383_p2                  |        or|   0|  0|   2|           1|           1|
    |or_ln192_24_fu_3369_p2                  |        or|   0|  0|   2|           1|           1|
    |or_ln192_25_fu_3389_p2                  |        or|   0|  0|   2|           1|           1|
    |or_ln192_26_fu_3395_p2                  |        or|   0|  0|   2|           1|           1|
    |or_ln192_2_fu_2047_p2                   |        or|   0|  0|   2|           1|           1|
    |or_ln192_3_fu_2036_p2                   |        or|   0|  0|   2|           1|           1|
    |or_ln192_4_fu_2052_p2                   |        or|   0|  0|   2|           1|           1|
    |or_ln192_5_fu_2057_p2                   |        or|   0|  0|   2|           1|           1|
    |or_ln192_7_fu_2462_p2                   |        or|   0|  0|   2|           1|           1|
    |or_ln192_8_fu_2466_p2                   |        or|   0|  0|   2|           1|           1|
    |or_ln192_9_fu_2471_p2                   |        or|   0|  0|   2|           1|           1|
    |or_ln192_fu_2031_p2                     |        or|   0|  0|   2|           1|           1|
    |or_ln236_1_fu_3970_p2                   |        or|   0|  0|   2|           1|           1|
    |or_ln236_3_fu_4214_p2                   |        or|   0|  0|   2|           1|           1|
    |or_ln236_4_fu_4218_p2                   |        or|   0|  0|   2|           1|           1|
    |or_ln236_fu_3975_p2                     |        or|   0|  0|   2|           1|           1|
    |bit_offset_10_fu_2658_p3                |    select|   0|  0|  10|           1|          10|
    |bit_offset_11_fu_2702_p3                |    select|   0|  0|  10|           1|          10|
    |bit_offset_12_fu_2733_p3                |    select|   0|  0|  10|           1|          10|
    |bit_offset_13_fu_2800_p3                |    select|   0|  0|  10|           1|          10|
    |bit_offset_14_fu_2844_p3                |    select|   0|  0|  10|           1|          10|
    |bit_offset_15_fu_2910_p3                |    select|   0|  0|  10|           1|          10|
    |bit_offset_16_fu_4022_p3                |    select|   0|  0|  10|           1|          10|
    |bit_offset_17_fu_4054_p3                |    select|   0|  0|  10|           1|          10|
    |bit_offset_18_fu_4086_p3                |    select|   0|  0|  10|           1|          10|
    |bit_offset_19_fu_4118_p3                |    select|   0|  0|  10|           1|          10|
    |bit_offset_1_fu_2178_p3                 |    select|   0|  0|  10|           1|          10|
    |bit_offset_20_fu_2992_p3                |    select|   0|  0|  10|           1|          10|
    |bit_offset_21_fu_3053_p3                |    select|   0|  0|  10|           1|          10|
    |bit_offset_22_fu_3096_p3                |    select|   0|  0|  10|           1|          10|
    |bit_offset_23_fu_3140_p3                |    select|   0|  0|  10|           1|          10|
    |bit_offset_24_fu_3171_p3                |    select|   0|  0|  10|           1|          10|
    |bit_offset_25_fu_3238_p3                |    select|   0|  0|  10|           1|          10|
    |bit_offset_26_fu_3282_p3                |    select|   0|  0|  10|           1|          10|
    |bit_offset_27_fu_3336_p3                |    select|   0|  0|  10|           1|          10|
    |bit_offset_28_fu_4254_p3                |    select|   0|  0|  10|           1|          10|
    |bit_offset_29_fu_4299_p3                |    select|   0|  0|  10|           1|          10|
    |bit_offset_2_fu_2221_p3                 |    select|   0|  0|  10|           1|          10|
    |bit_offset_30_fu_4331_p3                |    select|   0|  0|  10|           1|          10|
    |bit_offset_31_fu_4363_p3                |    select|   0|  0|  10|           1|          10|
    |bit_offset_32_fu_3430_p3                |    select|   0|  0|  10|           1|          10|
    |bit_offset_33_fu_3475_p3                |    select|   0|  0|  10|           1|          10|
    |bit_offset_34_fu_3534_p3                |    select|   0|  0|  10|           1|          10|
    |bit_offset_35_fu_3593_p3                |    select|   0|  0|  10|           1|          10|
    |bit_offset_36_fu_3653_p3                |    select|   0|  0|  10|           1|          10|
    |bit_offset_37_fu_3712_p3                |    select|   0|  0|  10|           1|          10|
    |bit_offset_38_fu_3771_p3                |    select|   0|  0|  10|           1|          10|
    |bit_offset_39_fu_3830_p3                |    select|   0|  0|  10|           1|          10|
    |bit_offset_3_fu_2265_p3                 |    select|   0|  0|  10|           1|          10|
    |bit_offset_40_fu_4728_p3                |    select|   0|  0|  10|           1|          10|
    |bit_offset_4_fu_2296_p3                 |    select|   0|  0|  10|           1|          10|
    |bit_offset_5_fu_2327_p3                 |    select|   0|  0|  10|           1|          10|
    |bit_offset_6_fu_2358_p3                 |    select|   0|  0|  10|           1|          10|
    |bit_offset_7_fu_2389_p3                 |    select|   0|  0|  10|           1|          10|
    |bit_offset_8_fu_2554_p3                 |    select|   0|  0|  10|           1|          10|
    |bit_offset_9_fu_2615_p3                 |    select|   0|  0|  10|           1|          10|
    |bit_offset_fu_2118_p3                   |    select|   0|  0|  10|           1|          10|
    |select_ln111_1_fu_1325_p3               |    select|   0|  0|   2|           1|           2|
    |select_ln111_fu_1374_p3                 |    select|   0|  0|   4|           1|           1|
    |select_ln112_1_fu_1345_p3               |    select|   0|  0|   8|           1|           1|
    |select_ln112_fu_1417_p3                 |    select|   0|  0|   4|           1|           4|
    |select_ln118_1_fu_1558_p3               |    select|   0|  0|   2|           1|           2|
    |select_ln118_fu_1532_p3                 |    select|   0|  0|   3|           1|           1|
    |select_ln119_1_fu_1616_p3               |    select|   0|  0|   6|           1|           1|
    |select_ln119_fu_1586_p3                 |    select|   0|  0|   3|           1|           3|
    |select_ln125_fu_1734_p3                 |    select|   0|  0|   2|           1|           2|
    |select_ln126_fu_1759_p3                 |    select|   0|  0|   3|           1|           3|
    |select_ln255_fu_4557_p3                 |    select|   0|  0|   3|           1|           3|
    |select_ln258_1_fu_4564_p3               |    select|   0|  0|   3|           1|           3|
    |select_ln258_fu_4497_p3                 |    select|   0|  0|   2|           1|           2|
    |select_ln260_fu_4522_p3                 |    select|   0|  0|   3|           1|           3|
    |x_2_mid2_fu_1578_p3                     |    select|   0|  0|   3|           1|           1|
    |x_mid2_fu_1409_p3                       |    select|   0|  0|   4|           1|           1|
    |ap_enable_pp0                           |       xor|   0|  0|   2|           1|           2|
    |ap_enable_pp1                           |       xor|   0|  0|   2|           1|           2|
    |ap_enable_pp3                           |       xor|   0|  0|   2|           1|           2|
    |ap_enable_pp4                           |       xor|   0|  0|   2|           1|           2|
    |ap_enable_pp5                           |       xor|   0|  0|   2|           1|           2|
    |ap_enable_pp6                           |       xor|   0|  0|   2|           1|           2|
    |ap_enable_pp7                           |       xor|   0|  0|   2|           1|           2|
    |ap_enable_reg_pp0_iter1                 |       xor|   0|  0|   2|           2|           1|
    |ap_enable_reg_pp1_iter1                 |       xor|   0|  0|   2|           2|           1|
    |ap_enable_reg_pp3_iter1                 |       xor|   0|  0|   2|           2|           1|
    |ap_enable_reg_pp6_iter1                 |       xor|   0|  0|   2|           2|           1|
    |ap_enable_reg_pp7_iter1                 |       xor|   0|  0|   2|           2|           1|
    |xor_ln111_fu_1381_p2                    |       xor|   0|  0|   2|           1|           2|
    |xor_ln118_fu_1540_p2                    |       xor|   0|  0|   2|           1|           2|
    |xor_ln125_fu_1722_p2                    |       xor|   0|  0|   2|           1|           2|
    |xor_ln150_1_fu_2600_p2                  |       xor|   0|  0|   9|           9|           2|
    |xor_ln150_2_fu_4038_p2                  |       xor|   0|  0|   9|           9|           2|
    |xor_ln150_3_fu_3038_p2                  |       xor|   0|  0|   9|           9|           2|
    |xor_ln150_4_fu_4283_p2                  |       xor|   0|  0|   9|           9|           2|
    |xor_ln150_5_fu_3459_p2                  |       xor|   0|  0|   9|           9|           2|
    |xor_ln150_fu_2163_p2                    |       xor|   0|  0|   9|           9|           2|
    |xor_ln255_fu_4485_p2                    |       xor|   0|  0|   2|           1|           2|
    +----------------------------------------+----------+----+---+----+------------+------------+
    |Total                                   |          |   0|  0|3299|        1266|        1518|
    +----------------------------------------+----------+----+---+----+------------+------------+

    * Multiplexer: 
    +---------------------------------------------------------------------------------------------+-----+-----------+-----+-----------+
    |                                             Name                                            | LUT | Input Size| Bits| Total Bits|
    +---------------------------------------------------------------------------------------------+-----+-----------+-----+-----------+
    |L0_bitmap_0_fu_342                                                                           |    9|          2|  512|       1024|
    |L1_bitmap_0_fu_350                                                                           |    9|          2|  512|       1024|
    |ap_NS_fsm                                                                                    |  181|         41|    1|         41|
    |ap_enable_reg_pp0_iter1                                                                      |    9|          2|    1|          2|
    |ap_enable_reg_pp0_iter2                                                                      |    9|          2|    1|          2|
    |ap_enable_reg_pp1_iter1                                                                      |   14|          3|    1|          3|
    |ap_enable_reg_pp3_iter1                                                                      |   14|          3|    1|          3|
    |ap_enable_reg_pp4_iter1                                                                      |    9|          2|    1|          2|
    |ap_enable_reg_pp5_iter1                                                                      |    9|          2|    1|          2|
    |ap_enable_reg_pp6_iter1                                                                      |   14|          3|    1|          3|
    |ap_enable_reg_pp7_iter1                                                                      |   14|          3|    1|          3|
    |ap_phi_mux_L0_bitmap_4_phi_fu_983_p4                                                         |   14|          3|  512|       1536|
    |ap_phi_mux_L1_bitmap_2_phi_fu_1003_p4                                                        |    9|          2|  512|       1024|
    |ap_phi_reg_pp4_iter0_L0_bitmap_1_reg_949                                                     |    9|          2|  512|       1024|
    |ap_phi_reg_pp4_iter0_L0_bitmap_2_reg_959                                                     |    9|          2|  512|       1024|
    |ap_phi_reg_pp4_iter1_L0_bitmap_3_reg_970                                                     |    9|          2|  512|       1024|
    |ap_phi_reg_pp5_iter1_L1_bitmap_1_reg_990                                                     |    9|          2|  512|       1024|
    |ap_phi_reg_pp5_iter1_L1_bitmap_2_reg_1000                                                    |    9|          2|  512|       1024|
    |ap_return_0                                                                                  |    9|          2|  512|       1024|
    |ap_return_1                                                                                  |    9|          2|  512|       1024|
    |ap_return_2                                                                                  |    9|          2|  512|       1024|
    |ap_return_3                                                                                  |    9|          2|  129|        258|
    |empty_86_fu_386                                                                              |    9|          2|  512|       1024|
    |feature_data_stream_blk_n                                                                    |    9|          2|    1|          2|
    |i_fu_382                                                                                     |    9|          2|    3|          6|
    |indvar_flatten13_fu_302                                                                      |    9|          2|    8|         16|
    |indvar_flatten20_fu_314                                                                      |    9|          2|    6|         12|
    |indvar_flatten33_fu_322                                                                      |    9|          2|    6|         12|
    |indvar_flatten40_fu_334                                                                      |    9|          2|    3|          6|
    |indvar_flatten47_fu_378                                                                      |    9|          2|    3|          6|
    |indvar_flatten_fu_294                                                                        |    9|          2|    8|         16|
    |input_voxel_stream_blk_n                                                                     |    9|          2|    1|          2|
    |l0_write_pos                                                                                 |    9|          2|   32|         64|
    |l1_write_pos                                                                                 |    9|          2|   32|         64|
    |l1_y_fu_338                                                                                  |    9|          2|    3|          6|
    |l2_bit_pos_1_fu_358                                                                          |    9|          2|    3|          6|
    |l2_bit_pos_fu_370                                                                            |    9|          2|    3|          6|
    |l2_complete_level_fu_354                                                                     |    9|          2|   64|        128|
    |l2_temp_buffer_address0_local                                                                |   26|          5|    2|         10|
    |l2_temp_buffer_d0_local                                                                      |   20|          4|    1|          4|
    |l2_write_pos_flag_1_reg_1022                                                                 |    9|          2|    1|          2|
    |l2_write_pos_loc_0_reg_938                                                                   |    9|          2|   32|         64|
    |l2_write_pos_loc_1_reg_1045                                                                  |    9|          2|   32|         64|
    |l2_write_pos_new_1_reg_1034                                                                  |    9|          2|   32|         64|
    |l2_x_fu_362                                                                                  |    9|          2|    2|          4|
    |l2_y_1_fu_374                                                                                |    9|          2|    2|          4|
    |l2_y_fu_346                                                                                  |    9|          2|    2|          4|
    |l3_has_data_1_reg_1010                                                                       |    9|          2|    1|          2|
    |retained_block_count                                                                         |    9|          2|   32|         64|
    |streaming_bitmap_constructor_stream_stream_stream_stream_stream_ap_uint_ap_1_address0_local  |   91|         19|    6|        114|
    |streaming_bitmap_constructor_stream_stream_stream_stream_stream_ap_uint_ap_1_d0_local        |   14|          3|    1|          3|
    |streaming_bitmap_constructor_stream_stream_stream_stream_stream_ap_uint_ap_2_address0_local  |   91|         19|    6|        114|
    |streaming_bitmap_constructor_stream_stream_stream_stream_stream_ap_uint_ap_2_d0_local        |   14|          3|    1|          3|
    |streaming_bitmap_constructor_stream_stream_stream_stream_stream_ap_uint_ap_address0_local    |   65|         14|    4|         56|
    |streaming_bitmap_constructor_stream_stream_stream_stream_stream_ap_uint_ap_d0_local          |   31|          6|    1|          6|
    |voxel_count                                                                                  |    9|          2|   10|         20|
    |write_addr_stream_blk_n                                                                      |    9|          2|    1|          2|
    |x_1_fu_326                                                                                   |    9|          2|    2|          4|
    |x_2_fu_306                                                                                   |    9|          2|    3|          6|
    |x_fu_286                                                                                     |    9|          2|    4|          8|
    |y_1_fu_330                                                                                   |    9|          2|    2|          4|
    |y_2_fu_310                                                                                   |    9|          2|    3|          6|
    |y_fu_290                                                                                     |    9|          2|    4|          8|
    |z_1_fu_318                                                                                   |    9|          2|    2|          4|
    |z_fu_298                                                                                     |    9|          2|    2|          4|
    +---------------------------------------------------------------------------------------------+-----+-----------+-----+-----------+
    |Total                                                                                        | 1062|        231| 7161|      15143|
    +---------------------------------------------------------------------------------------------+-----+-----------+-----+-----------+

    * Register: 
    +-------------------------------------------+------+----+------+-----------+
    |                    Name                   |  FF  | LUT| Bits | Const Bits|
    +-------------------------------------------+------+----+------+-----------+
    |L0_bitmap_0_fu_342                         |   512|   0|   512|          0|
    |L0_bitmap_0_load_reg_5075                  |   512|   0|   512|          0|
    |L1_bitmap_0_fu_350                         |   512|   0|   512|          0|
    |L1_bitmap_0_load_reg_5661                  |   512|   0|   512|          0|
    |add_ln114_reg_4910                         |     6|   0|     6|          0|
    |add_ln150_reg_5014                         |     6|   0|     6|          0|
    |add_ln2601_fu_366                          |     3|   0|     3|          0|
    |ap_CS_fsm                                  |    40|   0|    40|          0|
    |ap_block_pp3_stage0_subdone_grp0_done_reg  |     1|   0|     1|          0|
    |ap_block_pp3_stage0_subdone_grp1_done_reg  |     1|   0|     1|          0|
    |ap_block_pp3_stage0_subdone_grp2_done_reg  |     1|   0|     1|          0|
    |ap_block_pp3_stage0_subdone_grp3_done_reg  |     1|   0|     1|          0|
    |ap_enable_reg_pp0_iter0                    |     1|   0|     1|          0|
    |ap_enable_reg_pp0_iter1                    |     1|   0|     1|          0|
    |ap_enable_reg_pp0_iter2                    |     1|   0|     1|          0|
    |ap_enable_reg_pp1_iter0                    |     1|   0|     1|          0|
    |ap_enable_reg_pp1_iter1                    |     1|   0|     1|          0|
    |ap_enable_reg_pp3_iter0                    |     1|   0|     1|          0|
    |ap_enable_reg_pp3_iter1                    |     1|   0|     1|          0|
    |ap_enable_reg_pp4_iter0                    |     1|   0|     1|          0|
    |ap_enable_reg_pp4_iter0_reg                |     1|   0|     1|          0|
    |ap_enable_reg_pp4_iter1                    |     1|   0|     1|          0|
    |ap_enable_reg_pp5_iter0                    |     1|   0|     1|          0|
    |ap_enable_reg_pp5_iter0_reg                |     1|   0|     1|          0|
    |ap_enable_reg_pp5_iter1                    |     1|   0|     1|          0|
    |ap_enable_reg_pp6_iter0                    |     1|   0|     1|          0|
    |ap_enable_reg_pp6_iter1                    |     1|   0|     1|          0|
    |ap_enable_reg_pp7_iter0                    |     1|   0|     1|          0|
    |ap_enable_reg_pp7_iter1                    |     1|   0|     1|          0|
    |ap_phi_reg_pp4_iter0_L0_bitmap_1_reg_949   |   512|   0|   512|          0|
    |ap_phi_reg_pp4_iter0_L0_bitmap_2_reg_959   |   512|   0|   512|          0|
    |ap_phi_reg_pp4_iter0_L0_bitmap_3_reg_970   |   512|   0|   512|          0|
    |ap_phi_reg_pp4_iter1_L0_bitmap_3_reg_970   |   512|   0|   512|          0|
    |ap_phi_reg_pp5_iter0_L1_bitmap_1_reg_990   |   512|   0|   512|          0|
    |ap_phi_reg_pp5_iter1_L1_bitmap_1_reg_990   |   512|   0|   512|          0|
    |ap_phi_reg_pp5_iter1_L1_bitmap_2_reg_1000  |   512|   0|   512|          0|
    |ap_return_0_preg                           |   512|   0|   512|          0|
    |ap_return_1_preg                           |   512|   0|   512|          0|
    |ap_return_2_preg                           |   512|   0|   512|          0|
    |ap_return_3_preg                           |   129|   0|   160|         31|
    |bit_offset_11_reg_5391                     |    10|   0|    10|          0|
    |bit_offset_12_reg_5396                     |    10|   0|    10|          0|
    |bit_offset_14_reg_5428                     |    10|   0|    10|          0|
    |bit_offset_16_reg_5709                     |    10|   0|    10|          0|
    |bit_offset_17_reg_5714                     |    10|   0|    10|          0|
    |bit_offset_18_reg_5719                     |    10|   0|    10|          0|
    |bit_offset_19_reg_5724                     |    10|   0|    10|          0|
    |bit_offset_20_reg_5490                     |    10|   0|    10|          0|
    |bit_offset_23_reg_5520                     |    10|   0|    10|          0|
    |bit_offset_24_reg_5525                     |    10|   0|    10|          0|
    |bit_offset_26_reg_5557                     |    10|   0|    10|          0|
    |bit_offset_29_reg_5781                     |    10|   0|    10|          0|
    |bit_offset_30_reg_5786                     |    10|   0|    10|          0|
    |bit_offset_31_reg_5791                     |    10|   0|    10|          0|
    |bit_offset_3_reg_5257                      |    10|   0|    10|          0|
    |bit_offset_4_reg_5262                      |    10|   0|    10|          0|
    |bit_offset_5_reg_5267                      |    10|   0|    10|          0|
    |bit_offset_6_reg_5272                      |    10|   0|    10|          0|
    |bit_offset_7_reg_5277                      |    10|   0|    10|          0|
    |bit_offset_8_reg_5349                      |    10|   0|    10|          0|
    |bit_offset_reg_5215                        |    10|   0|    10|          0|
    |bit_val_reg_5893                           |     1|   0|     1|          0|
    |cond388_i_reg_4906                         |     1|   0|     1|          0|
    |cond388_i_reg_4906_pp0_iter1_reg           |     1|   0|     1|          0|
    |cond389_i_reg_4963                         |     1|   0|     1|          0|
    |empty_84_reg_4958                          |     2|   0|     2|          0|
    |empty_86_fu_386                            |   512|   0|   512|          0|
    |i_fu_382                                   |     3|   0|     3|          0|
    |icmp_ln112_reg_4899                        |     1|   0|     1|          0|
    |icmp_ln166_reg_5038                        |     1|   0|     1|          0|
    |icmp_ln213_reg_5629                        |     1|   0|     1|          0|
    |icmp_ln213_reg_5629_pp5_iter1_reg          |     1|   0|     1|          0|
    |icmp_ln258_reg_5845                        |     1|   0|     1|          0|
    |icmp_ln260_reg_5849                        |     1|   0|     1|          0|
    |indvar_flatten13_fu_302                    |     8|   0|     8|          0|
    |indvar_flatten20_fu_314                    |     6|   0|     6|          0|
    |indvar_flatten33_fu_322                    |     6|   0|     6|          0|
    |indvar_flatten40_fu_334                    |     3|   0|     3|          0|
    |indvar_flatten47_fu_378                    |     3|   0|     3|          0|
    |indvar_flatten_fu_294                      |     8|   0|     8|          0|
    |initialized                                |     1|   0|     1|          0|
    |initialized_load_reg_4854                  |     1|   0|     1|          0|
    |l0_write_pos                               |    32|   0|    32|          0|
    |l1_bit_10_reg_5761                         |     1|   0|     1|          0|
    |l1_bit_11_reg_5767                         |     1|   0|     1|          0|
    |l1_bit_5_reg_5668                          |     1|   0|     1|          0|
    |l1_bit_6_reg_5684                          |     1|   0|     1|          0|
    |l1_bit_7_reg_5695                          |     1|   0|     1|          0|
    |l1_bit_8_reg_5729                          |     1|   0|     1|          0|
    |l1_bit_9_reg_5745                          |     1|   0|     1|          0|
    |l1_bit_reg_5655                            |     1|   0|     1|          0|
    |l1_has_data_1_reg_5168                     |     1|   0|     1|          0|
    |l1_has_data_2_reg_5319                     |     1|   0|     1|          0|
    |l1_has_data_3_reg_5475                     |     1|   0|     1|          0|
    |l1_write_pos                               |    32|   0|    32|          0|
    |l1_y_fu_338                                |     3|   0|     3|          0|
    |l2_bit_pos_1_fu_358                        |     3|   0|     3|          0|
    |l2_bit_pos_fu_370                          |     3|   0|     3|          0|
    |l2_complete_level_fu_354                   |    64|   0|    64|          0|
    |l2_has_data_1_reg_5700                     |     1|   0|     1|          0|
    |l2_has_data_2_reg_5772                     |     1|   0|     1|          0|
    |l2_write_pos                               |    32|   0|    32|          0|
    |l2_write_pos_flag_0_reg_925                |     1|   0|     1|          0|
    |l2_write_pos_flag_1_reg_1022               |     1|   0|     1|          0|
    |l2_write_pos_loc_0_reg_938                 |    32|   0|    32|          0|
    |l2_write_pos_loc_1_reg_1045                |    32|   0|    32|          0|
    |l2_write_pos_new_1_reg_1034                |    32|   0|    32|          0|
    |l2_x_fu_362                                |     2|   0|     2|          0|
    |l2_y_1_fu_374                              |     2|   0|     2|          0|
    |l2_y_2_reg_5623                            |     2|   0|     2|          0|
    |l2_y_fu_346                                |     2|   0|     2|          0|
    |l3_has_data_1_reg_1010                     |     1|   0|     1|          0|
    |reg_1147                                   |    32|   0|    32|          0|
    |retained_block_count                       |    32|   0|    32|          0|
    |sub_ln150_28_reg_5433                      |     9|   0|     9|          0|
    |sub_ln150_50_reg_5562                      |     9|   0|     9|          0|
    |sub_ln150_74_reg_5908                      |     9|   0|     9|          0|
    |tmp_118_reg_5898                           |     1|   0|     1|          0|
    |tmp_25_reg_5019                            |  1084|   0|  1084|          0|
    |tmp_28_reg_5220                            |     1|   0|     1|          0|
    |tmp_2_reg_4991                             |     1|   0|     1|          0|
    |tmp_31_reg_5252                            |   512|   0|   512|          0|
    |tmp_37_reg_5304                            |   512|   0|   512|          0|
    |tmp_3_reg_5010                             |     1|   0|     1|          0|
    |tmp_55_reg_5354                            |     1|   0|     1|          0|
    |tmp_58_reg_5386                            |   512|   0|   512|          0|
    |tmp_64_reg_5423                            |   512|   0|   512|          0|
    |tmp_74_reg_5740                            |   512|   0|   512|          0|
    |tmp_79_reg_5495                            |     1|   0|     1|          0|
    |tmp_82_reg_5515                            |   512|   0|   512|          0|
    |tmp_88_reg_5552                            |   512|   0|   512|          0|
    |tmp_93_reg_5870                            |   512|   0|   512|          0|
    |tmp_95_reg_5776                            |   512|   0|   512|          0|
    |trunc_ln150_1_reg_5225                     |     9|   0|     9|          0|
    |trunc_ln150_20_reg_5479                    |     9|   0|     9|          0|
    |trunc_ln150_21_reg_5500                    |     9|   0|     9|          0|
    |trunc_ln150_40_reg_5903                    |     9|   0|     9|          0|
    |trunc_ln150_8_reg_5338                     |     9|   0|     9|          0|
    |trunc_ln150_9_reg_5359                     |     9|   0|     9|          0|
    |trunc_ln150_reg_5204                       |     9|   0|     9|          0|
    |trunc_ln166_reg_5042                       |     2|   0|     2|          0|
    |trunc_ln213_reg_5633                       |     1|   0|     1|          0|
    |trunc_ln258_reg_5865                       |     4|   0|     4|          0|
    |voxel_bit_25_reg_5104                      |     1|   0|     1|          0|
    |voxel_bit_26_reg_5136                      |     1|   0|     1|          0|
    |voxel_bit_27_reg_5158                      |     1|   0|     1|          0|
    |voxel_bit_28_reg_5098                      |     1|   0|     1|          0|
    |voxel_bit_29_reg_5120                      |     1|   0|     1|          0|
    |voxel_bit_30_reg_5142                      |     1|   0|     1|          0|
    |voxel_bit_31_reg_5163                      |     1|   0|     1|          0|
    |voxel_bit_32_reg_5182                      |     1|   0|     1|          0|
    |voxel_bit_33_reg_5230                      |     1|   0|     1|          0|
    |voxel_bit_34_reg_5282                      |     1|   0|     1|          0|
    |voxel_bit_35_reg_5309                      |     1|   0|     1|          0|
    |voxel_bit_36_reg_5188                      |     1|   0|     1|          0|
    |voxel_bit_37_reg_5236                      |     1|   0|     1|          0|
    |voxel_bit_38_reg_5288                      |     1|   0|     1|          0|
    |voxel_bit_39_reg_5314                      |     1|   0|     1|          0|
    |voxel_bit_40_reg_5364                      |     1|   0|     1|          0|
    |voxel_bit_41_reg_5401                      |     1|   0|     1|          0|
    |voxel_bit_42_reg_5438                      |     1|   0|     1|          0|
    |voxel_bit_43_reg_5465                      |     1|   0|     1|          0|
    |voxel_bit_44_reg_5370                      |     1|   0|     1|          0|
    |voxel_bit_45_reg_5407                      |     1|   0|     1|          0|
    |voxel_bit_46_reg_5444                      |     1|   0|     1|          0|
    |voxel_bit_47_reg_5470                      |     1|   0|     1|          0|
    |voxel_bit_48_reg_5530                      |     1|   0|     1|          0|
    |voxel_bit_49_reg_5567                      |     1|   0|     1|          0|
    |voxel_bit_50_reg_5594                      |     1|   0|     1|          0|
    |voxel_bit_52_reg_5536                      |     1|   0|     1|          0|
    |voxel_bit_53_reg_5573                      |     1|   0|     1|          0|
    |voxel_bit_54_reg_5600                      |     1|   0|     1|          0|
    |voxel_bit_reg_5092                         |     1|   0|     1|          0|
    |voxel_count                                |    10|   0|    10|          0|
    |voxel_morton_addr_reg_5004                 |    60|   0|    60|          0|
    |voxel_occupancy_reg_4998                   |     1|   0|     1|          0|
    |x_1_fu_326                                 |     2|   0|     2|          0|
    |x_2_fu_306                                 |     3|   0|     3|          0|
    |x_2_mid2_reg_4953                          |     3|   0|     3|          0|
    |x_fu_286                                   |     4|   0|     4|          0|
    |y_1_fu_330                                 |     2|   0|     2|          0|
    |y_2_fu_310                                 |     3|   0|     3|          0|
    |y_fu_290                                   |     4|   0|     4|          0|
    |z_1_fu_318                                 |     2|   0|     2|          0|
    |z_fu_298                                   |     2|   0|     2|          0|
    +-------------------------------------------+------+----+------+-----------+
    |Total                                      | 14420|   0| 14451|         31|
    +-------------------------------------------+------+----+------+-----------+



================================================================
== Interface
================================================================
* Summary: 
+------------------------------------+-----+------+------------+------------------------------+--------------+
|              RTL Ports             | Dir | Bits |  Protocol  |         Source Object        |    C Type    |
+------------------------------------+-----+------+------------+------------------------------+--------------+
|ap_clk                              |   in|     1|  ap_ctrl_hs|  streaming_bitmap_constructor|  return value|
|ap_rst                              |   in|     1|  ap_ctrl_hs|  streaming_bitmap_constructor|  return value|
|ap_start                            |   in|     1|  ap_ctrl_hs|  streaming_bitmap_constructor|  return value|
|ap_done                             |  out|     1|  ap_ctrl_hs|  streaming_bitmap_constructor|  return value|
|ap_idle                             |  out|     1|  ap_ctrl_hs|  streaming_bitmap_constructor|  return value|
|ap_ready                            |  out|     1|  ap_ctrl_hs|  streaming_bitmap_constructor|  return value|
|ap_return_0                         |  out|   512|  ap_ctrl_hs|  streaming_bitmap_constructor|  return value|
|ap_return_1                         |  out|   512|  ap_ctrl_hs|  streaming_bitmap_constructor|  return value|
|ap_return_2                         |  out|   512|  ap_ctrl_hs|  streaming_bitmap_constructor|  return value|
|ap_return_3                         |  out|   160|  ap_ctrl_hs|  streaming_bitmap_constructor|  return value|
|input_voxel_stream_dout             |   in|  1085|     ap_fifo|            input_voxel_stream|       pointer|
|input_voxel_stream_empty_n          |   in|     1|     ap_fifo|            input_voxel_stream|       pointer|
|input_voxel_stream_read             |  out|     1|     ap_fifo|            input_voxel_stream|       pointer|
|feature_data_stream_din             |  out|  1085|     ap_fifo|           feature_data_stream|       pointer|
|feature_data_stream_full_n          |   in|     1|     ap_fifo|           feature_data_stream|       pointer|
|feature_data_stream_write           |  out|     1|     ap_fifo|           feature_data_stream|       pointer|
|feature_data_stream_num_data_valid  |   in|    11|     ap_fifo|           feature_data_stream|       pointer|
|feature_data_stream_fifo_cap        |   in|    11|     ap_fifo|           feature_data_stream|       pointer|
|write_addr_stream_din               |  out|    60|     ap_fifo|             write_addr_stream|       pointer|
|write_addr_stream_full_n            |   in|     1|     ap_fifo|             write_addr_stream|       pointer|
|write_addr_stream_write             |  out|     1|     ap_fifo|             write_addr_stream|       pointer|
|write_addr_stream_num_data_valid    |   in|    11|     ap_fifo|             write_addr_stream|       pointer|
|write_addr_stream_fifo_cap          |   in|    11|     ap_fifo|             write_addr_stream|       pointer|
|p_read                              |   in|   512|     ap_none|                        p_read|        scalar|
|L2_bitmap                           |  out|   512|      ap_vld|                     L2_bitmap|       pointer|
|L2_bitmap_ap_vld                    |  out|     1|      ap_vld|                     L2_bitmap|       pointer|
|L2_bitmap_read                      |   in|   512|     ap_none|                L2_bitmap_read|        scalar|
|p_read1                             |   in|   512|     ap_none|                       p_read1|        scalar|
|p_read2                             |   in|   512|     ap_none|                       p_read2|        scalar|
+------------------------------------+-----+------+------------+------------------------------+--------------+

